2023-oct-2 21:34:11 [all]: hello, world
2023-oct-2 21:34:26 @ source/main.d:main.main:67 [fatal]: hello, world